i1_create                          {"tx":"0x448a391e63835f6e242105aa4b2fd41a3aa02b16533cf55bd9f519833517a939","status":"ACCEPTED","ok":true,"result":{"appeal_end":1791278988,"claim_end":1791278688,"incident_id":1,"pool_wei":"5131900000000000000","status":"OK","terms_sha256":"bbb6494ac79b10be27365123f3b0fd6c12d845a0b6be02c07333192ff4a
i2_create                          {"tx":"0xb01a8c67982b5a98bcf74ef3c5ba6017dee5dddb10dfaa8fe289cf9b3a8a6a00","status":"ACCEPTED","ok":true,"result":{"appeal_end":1791279903,"claim_end":1791279303,"incident_id":2,"pool_wei":"5131900000000000000","status":"OK","terms_sha256":"bbb6494ac79b10be27365123f3b0fd6c12d845a0b6be02c07333192ff4a
GenLayer RPC error (eth_sendRawTransaction): Rate limit exceeded: 30 requests per minute
  … create_incident attempt 1 hit the RPC rate limit, waiting 12s
GenLayer RPC error (eth_sendRawTransaction): Rate limit exceeded: 30 requests per minute
  … create_incident attempt 2 hit the RPC rate limit, waiting 12s
i3_create                          {"tx":"0x750c243ae9daec4f1d0fd34dfff566d6c9d7b80aecc0807db17a003d45a4a91b","status":"ACCEPTED","ok":true,"result":{"appeal_end":1791279352,"claim_end":1791279052,"incident_id":3,"pool_wei":"1000000000000000000","status":"OK","terms_sha256":"bbb6494ac79b10be27365123f3b0fd6c12d845a0b6be02c07333192ff4a
i4_create                          {"tx":"0x8107eb879b8ad910fcfe16fd5cffde1f874606ec8e8fcf6726900f67a2e24ea3","status":"ACCEPTED","ok":true,"result":{"appeal_end":1791279186,"claim_end":1791279066,"incident_id":4,"pool_wei":"1000000000000000000","status":"OK","terms_sha256":"11fc18e6e509b4c28626361c9b1a50a33c07372dfa6ea3738c04c5a7ea0
i1_file_eoa                        {"tx":"0x33dcca1ac44a321def1b8617f84336e47fe70dfd2e49dc3572a1db65d94dd906","status":"ACCEPTED","ok":true,"result":{"borrower":"0x4bacce55f0991cfc4d919f7f50edb8be028e37df","claim_id":1,"code_kind":"EOA","owed_gen_wei":"877714041173915609","owed_src_wei":"87771404117391560911","status":"OK"},"refusal"
i1_file_dsproxy                    {"tx":"0xba931b8c5a488105c55eda378c813c95e49df0f33856f279c9194019fc396486","status":"ACCEPTED","ok":true,"result":{"borrower":"0x4f962bb0ea0785c539f8ab52a17f1f873ddc355f","claim_id":2,"code_kind":"CONTRACT","owed_gen_wei":"2494787941017015246","owed_src_wei":"249478794101701524600","status":"OK"},"r
GenLayer RPC error (sim_estimateTransactionFees): Rate limit exceeded: 30 requests per minute
  … appeal fee attempt 1 hit the RPC rate limit, waiting 12s
i1_appeal_dsproxy                  {"tx":"0x9c8cf1f7b039fe7a2dfb88cb8892a8691c123442e236699dc3218ecabbabf321","status":"ACCEPTED","ok":true,"result":{"appeal_id":1,"beneficiary":"0x08d49c032f268d3ac4265d1909c28dfaab440040","claim_id":2,"clause_id":"E4","code_check":"OK","decision":"ELIGIBLE","stake":"returned","status":"OK"},"refusal
i2_file_safe                       {"tx":"0xf9d3ce0950dbd19b38ca211e4870ec944afe29e98725487da4cacc5fc1ef44fa","status":"ACCEPTED","ok":true,"result":{"borrower":"0xf07e4924115e2b786a797b2b9545472324ee5b05","claim_id":3,"code_kind":"CONTRACT","owed_gen_wei":"1603173533638","owed_src_wei":"160317353363809","status":"OK"},"refusal":null
i2_file_dsproxy                    {"tx":"0x7a73cfd0d5127b69926050375c5b403c6981a9ec2793faf5afb24d30961f4a94","status":"ACCEPTED","ok":true,"result":{"borrower":"0x4f962bb0ea0785c539f8ab52a17f1f873ddc355f","claim_id":4,"code_kind":"CONTRACT","owed_gen_wei":"2494787941017015246","owed_src_wei":"249478794101701524600","status":"OK"},"r
i2_file_eoa                        {"tx":"0x424d5bead174e381155695a7db514b9e572ad1d6729322e927575b4c78fc8526","status":"ACCEPTED","ok":true,"result":{"borrower":"0x4bacce55f0991cfc4d919f7f50edb8be028e37df","claim_id":5,"code_kind":"EOA","owed_gen_wei":"877714041173915609","owed_src_wei":"87771404117391560911","status":"OK"},"refusal"
GenLayer RPC error (sim_estimateTransactionFees): execution failed
  … write fee simulation failed for file_claim (Missing or invalid parameters.
Double check you have provided the correct parameters.

Details: exec)
i2_duplicate_refused               {"tx":"0xb4cdb5cc13cf0506e960d46d5f41ddc5554f76ec73a0afc796ba1bc33b0e3ee1","status":"ACCEPTED","ok":false,"result":null,"refusal":"this liquidation is already claim #5","done":true,"seconds":11}
GenLayer RPC error (sim_estimateTransactionFees): execution failed
  … write fee simulation failed for file_claim (Missing or invalid parameters.
Double check you have provided the correct parameters.

Details: exec)
i2_out_of_range_refused            {"tx":"0x7caeaf784c21860b7d2ffc880602e79b1672aacbb3f7fbaa8757d33488cb1a31","status":"ACCEPTED","ok":false,"result":null,"refusal":"block 24613580 is outside the incident range 24626860-24628088","done":true,"seconds":19}
i2_appeal_safe_run1                {"tx":"0xe4d286db31303a5453da4f9e6f7ac4912b5446288e8bb84244e439e9ca9ba1de","status":"ACCEPTED","ok":true,"result":{"appeal_id":2,"beneficiary":"","claim_id":3,"clause_id":"X2","code_check":"OK","decision":"NOT_ELIGIBLE","stake":"forfeited to the pool","status":"OK"},"refusal":null,"claim_after":"EXC
i2_appeal_safe_run2                {"tx":"0x5e5fa38b83c9bdc7cbeeb7538730260be4e0a3dafdd6b7c70ed6d0b796b6bc83","status":"ACCEPTED","ok":true,"result":{"appeal_id":3,"beneficiary":"","claim_id":3,"clause_id":"X2","code_check":"OK","decision":"NOT_ELIGIBLE","stake":"forfeited to the pool","status":"OK"},"refusal":null,"claim_after":"EXC
i2_appeal_dsproxy                  {"tx":"0x085e1e875a514d70a9e03b2769b5fbbbddc3f1ef3bb874753a9533750c84a99f","status":"ACCEPTED","ok":true,"result":{"appeal_id":4,"beneficiary":"0x08d49c032f268d3ac4265d1909c28dfaab440040","claim_id":4,"clause_id":"E4","code_check":"OK","decision":"ELIGIBLE","stake":"returned","status":"OK"},"refusal
i2_file_clone                      {"tx":"0x447d0ea289e30dbd42a643a3ab7271f166c017214b6f7023cb5ffb7c5706ed4c","status":"ACCEPTED","ok":true,"result":{"borrower":"0x3aac936216a43d4195791819ecc4975ba8fb6c72","claim_id":6,"code_kind":"CONTRACT","owed_gen_wei":"17624899120081","owed_src_wei":"1762489912008138","status":"OK"},"refusal":nu
i2_appeal_injection                {"tx":"0xbd657d4c575d84b24085253155b38fe341d58177389d9c6f7e0fcaa4b4dbfeaa","status":"ACCEPTED","ok":true,"result":{"appeal_id":5,"beneficiary":"","claim_id":6,"clause_id":"X1","code_check":"OK","decision":"NOT_ELIGIBLE","stake":"forfeited to the pool","status":"OK"},"refusal":null,"claim_after":"EXC
i3_file_0x4bacce55                 {"tx":"0x507831d1c957c320f80e362b43d9e63e6face7953a4a7eb3f3825994860f77e5","status":"ACCEPTED","ok":true,"result":{"borrower":"0x4bacce55f0991cfc4d919f7f50edb8be028e37df","claim_id":7,"code_kind":"EOA","owed_gen_wei":"877714041173915609","owed_src_wei":"87771404117391560911","status":"OK"},"refusal"
i3_file_0x1e2799e0                 {"tx":"0xe29778ed8039a3cab8f0924ca158caae278f1e3b8477dde2bf74e21836f07232","status":"ACCEPTED","ok":true,"result":{"borrower":"0x1e2799e0071e535468097e04ad23b9fe3ae5a6a5","claim_id":8,"code_kind":"EOA","owed_gen_wei":"370960444279445638","owed_src_wei":"37096044427944563895","status":"OK"},"refusal"
i3_file_0x3ee505ba                 {"tx":"0x2e8dffb9da22af9b5e13e892fffb8b6a5ae3c2de25739b68eafb6ad4e898e022","status":"ACCEPTED","ok":true,"result":{"borrower":"0x3ee505ba316879d246a8fd2b3d7ee63b51b44fab","claim_id":9,"code_kind":"EOA","owed_gen_wei":"74157890633479479","owed_src_wei":"7415789063347947967","status":"OK"},"refusal":n
i3_file_0x718e7b7e                 {"tx":"0x0fd86ac5569732d5ae759e2b8b5f9d32850f8c7afabb237fc16575bd65327726","status":"ACCEPTED","ok":true,"result":{"borrower":"0x718e7b7e03f9370394cc8a3bd41b395c72b90fa2","claim_id":10,"code_kind":"EOA","owed_gen_wei":"19111633805819072","owed_src_wei":"1911163380581907280","status":"OK"},"refusal":
i3_file_0x5cede91b                 {"tx":"0x3f6081f5d7e0bb9ed98bf4233da96fb7eb9de33af0387713431d153ef16544ac","status":"ACCEPTED","ok":true,"result":{"borrower":"0x5cede91b3c5783d093b2f6c29cb2571a11204b27","claim_id":11,"code_kind":"CONTRACT","owed_gen_wei":"58856395463189586","owed_src_wei":"5885639546318958636","status":"OK"},"refu
i4_file_b1_by_b2                   {"tx":"0x7121a9f3df8d4c0a6cf6a6514703268a68edb3523ec7be93623baab638b8d323","status":"ACCEPTED","ok":true,"result":{"borrower":"0x45e2e2b04905e7499801fa41e29bb07319dee276","claim_id":12,"code_kind":"EOA","owed_gen_wei":"39571133176705970","owed_src_wei":"3957113317670597093","status":"OK"},"refusal":
i4_file_b2                         {"tx":"0x5f2157026b535a62c4e343b9258be76b2abf74eb4f28cfab4fc8119b8ca0eaec","status":"ACCEPTED","ok":true,"result":{"borrower":"0x92858407f43512714a65ac5d90128bdf153d61e4","claim_id":13,"code_kind":"EOA","owed_gen_wei":"118713399530117913","owed_src_wei":"11871339953011791314","status":"OK"},"refusal
waiting 698s for incident 1 claim window
i1_late_claim_refused              {"tx":"0xf21abd00b6599df9e326060a91f227abf261a71234c824b11636931199bca21b","status":"ACCEPTED","ok":false,"result":null,"refusal":"the claim window for incident #1 has closed","done":true,"seconds":14}
GenLayer RPC error (sim_estimateTransactionFees): execution failed
  … write fee simulation failed for settle (Missing or invalid parameters.
Double check you have provided the correct parameters.

Details: exec)
i1_settle                          {"tx":"0x59dc3b4ef771f983b78c0a0f836e2dde8b48b7063b46b2c39c66c559d3909f82","status":"ACCEPTED","ok":true,"result":{"claims":2,"credited_wei":"3372501982190930855","done":true,"incident_id":1,"ratio":"1/1","settled_claims":2,"status":"OK"},"refusal":null,"calls":1,"pool":{"closed":false,"credited_wei
waiting 334s for incident 3 claim window
GenLayer RPC error (sim_estimateTransactionFees): execution failed
  … write fee simulation failed for settle (Missing or invalid parameters.
Double check you have provided the correct parameters.

Details: exec)
i3_settle_pro_rata                 {"tx":"0xf13a323d9d88ac9fdbbd17becd36c1dc89fdc411acd27168d024e662df788e8b","status":"ACCEPTED","ok":true,"result":{"claims":5,"credited_wei":"957983738983686168","done":true,"incident_id":3,"ratio":"1000000000000000000/1400800405355849384","settled_claims":5,"status":"OK"},"refusal":null,"calls":1,"
GenLayer RPC error (sim_estimateTransactionFees): execution failed
  … write fee simulation failed for settle (Missing or invalid parameters.
Double check you have provided the correct parameters.

Details: exec)
i4_settle                          {"tx":"0xc9fe9692abd27544727f2ec5785a31bd5b1c313d54f7b8bd53382b2212031ad1","status":"ACCEPTED","ok":true,"result":{"claims":2,"credited_wei":"158284532706823883","done":true,"incident_id":4,"ratio":"1/1","settled_claims":2,"status":"OK"},"refusal":null,"calls":1,"pool":{"closed":false,"credited_wei"
i4_b1_withdraw                     {"tx":"0x6a552383b08f90564387a4e1c4c79fd27e13e43cd6b4504847c34a25669bd4a2","status":"ACCEPTED","ok":true,"result":{"paid_wei":"39571133176705970","status":"OK"},"refusal":null,"credited_wei":"39571133176705970","wallet_before":"149999790710999998354","wallet_after_30s":"149999660050249997531","done"
GenLayer RPC error (sim_estimateTransactionFees): execution failed
  … write fee simulation failed for withdraw (Missing or invalid parameters.
Double check you have provided the correct parameters.

Details: exec)
i4_b1_withdraw_twice_refused       {"tx":"0x8d4caaac22def342ff3a34c2364d54af942a25503809a004b4b2925b8927b23b","status":"ACCEPTED","ok":false,"result":null,"refusal":"nothing to withdraw for 0x45e2e2b04905e7499801fa41e29bb07319dee276","done":true,"seconds":12}
GenLayer RPC error (sim_estimateTransactionFees): execution failed
  … write fee simulation failed for close (Missing or invalid parameters.
Double check you have provided the correct parameters.

Details: exec)
i1_close                           {"tx":"0xc4a6dbe17d172a400649336428542c0a44d18433e19cc26ecccb961f33a51613","status":"ACCEPTED","ok":true,"result":{"done":true,"incident_id":1,"phase":"CLOSED","returned_to_sponsor_wei":"1759398017809069145","status":"OK","topped_up_wei":"0"},"refusal":null,"calls":1,"pool":{"closed":true,"credited_
i1_sponsor_withdraw                {"tx":"0xdcdea2286d8084b054d63be432143b11d45ad7f49c690567d638ee370be8f2b2","status":"ACCEPTED","ok":true,"result":{"paid_wei":"1759398017809069145","status":"OK"},"refusal":null,"done":true,"seconds":13}
GenLayer RPC error (sim_estimateTransactionFees): execution failed
  … write fee simulation failed for withdraw (Missing or invalid parameters.
Double check you have provided the correct parameters.

Details: exec)
i1_sponsor_withdraw_again_refused  {"tx":"0x0b576b52361010fa200470f54d514ca706f9031a51b10c68c46de3135c1126df","status":"ACCEPTED","ok":false,"result":null,"refusal":"nothing to withdraw for 0x11b1745f79e8a5af25627fd5421fb906925d5d8c","done":true,"seconds":11}
waiting 177s for incident 3 appeal window
i3_late_appeal_refused             {"claim_id":11,"tx":"0x278692231727d6157cc2eef467fd2dc20833117ef3475d98f2fc6c650f8c183c","status":"ACCEPTED","ok":true,"result":{"reason":"the appeal window has closed","status":"REFUSED","value_withdrawable":"10000000000000000"},"refusal":null,"done":true,"seconds":22}
GenLayer RPC error (sim_estimateTransactionFees): execution failed
  … write fee simulation failed for close (Missing or invalid parameters.
Double check you have provided the correct parameters.

Details: exec)
i3_close_topup                     {"tx":"0xbd984dac671d1d27058208fc1a6e1ba1e804f5872f112bf83ce44efa466ee32f","status":"ACCEPTED","ok":true,"result":{"done":true,"incident_id":3,"phase":"CLOSED","returned_to_sponsor_wei":"2","status":"OK","topped_up_wei":"42016261016313830"},"refusal":null,"calls":1,"pool":{"closed":true,"credited_we
i3_claims_after_close              {"claims":[{"claim_id":7,"borrower":"0x4bacce55f0991cfc4d919f7f50edb8be028e37df","status":"ACCEPTED","owed_gen":"877714041173915609","credited_gen":"654061596239117840","topup_gen":"27481222748329644"},{"claim_id":8,"borrower":"0x1e2799e0071e535468097e04ad23b9fe3ae5a6a5","status":"ACCEPTED","owed_ge
ledger                             {"ledger":{"balance_wei":"10524830849014224885","claimable_wei":"4521215381721048768","invariant":"balance == open_stakes + claimable + undistributed","invariant_holds":true,"on_chain_balance_wei":"12323800000000000000","open_stakes_wei":"0","undistributed_wei":"6003615467293176117","withdrawn_wei":
done
